// Jest Snapshot v1, https://goo.gl/fbAQLP

exports[`<App /> must render correctly 1`] = `ShallowWrapper {}`;
